---
source: src/lib.rs
expression: "test(&format!(\"200{:0>2}.DAG-10\", true_id),\n    &format!(\"200{:0>2}.DAG-10\", guess_id))"
---
g_true: 20005.DAG-10
g_guess: 20006.DAG-10
ancestor_aid:
  - 0.25555555555555554
  - 23
oset_aid:
  - 0.25555555555555554
  - 23
parent_aid:
  - 0.6666666666666666
  - 60
shd:
  - 0.37777777777777777
  - 17
T:
  - 0
  - 1
  - 2
  - 4
  - 6
  - 7
  - 8
NAM: []
Y: 9
random_adj:
  - 3
  - 5
proper_ancestors:
  - 9
oset: []
possible_descendants:
  - 0
  - 1
  - 2
  - 4
  - 6
  - 7
  - 8
parent_adjustment_NVA:
  - 0
  - 3
  - 5
  - 8
  - 9
ancestor_adjustment_NVA:
  - 0
  - 3
  - 5
  - 8
  - 9
nondescendant_adjustment_NVA:
  - 3
  - 5
  - 9
oset_adjustment_NVA:
  - 5
  - 9
empty_adjustment_NVA:
  - 5
  - 9
random_Z_adjustment_NVA:
  - 3
  - 5
  - 9
