---
source: src/lib.rs
expression: "test(&format!(\"200{:0>2}.DAG-10\", true_id),\n    &format!(\"200{:0>2}.DAG-10\", guess_id))"
---
g_true: 20006.DAG-10
g_guess: 20007.DAG-10
ancestor_aid:
  - 0.06666666666666667
  - 6
oset_aid:
  - 0.06666666666666667
  - 6
parent_aid:
  - 0.1
  - 9
shd:
  - 0.13333333333333333
  - 6
T:
  - 8
  - 9
NAM: []
Y: 3
random_adj:
  - 1
  - 4
  - 5
  - 6
  - 7
proper_ancestors:
  - 3
oset: []
possible_descendants:
  - 8
  - 9
parent_adjustment_NVA: []
ancestor_adjustment_NVA: []
nondescendant_adjustment_NVA:
  - 0
  - 1
  - 2
  - 3
  - 4
  - 5
  - 6
  - 7
oset_adjustment_NVA: []
empty_adjustment_NVA: []
random_Z_adjustment_NVA:
  - 0
  - 1
  - 4
  - 5
  - 6
  - 7
